........................................................................ [ 52%]
........F....................................
=================================== FAILURES ===================================
_____________ test_invalid_incoming_state_is_never_advanced[S-nan] _____________

tmp_path = PosixPath('/tmp/pytest-of-agent/pytest-3/test_invalid_incoming_state_is2')
monkeypatch = <_pytest.monkeypatch.MonkeyPatch object at 0x7fc8a4432210>
field = 'S', value = nan

    @pytest.mark.parametrize("field,value", [("v", 11.), ("eta", 16.), ("S", np.nan)])
    def test_invalid_incoming_state_is_never_advanced(tmp_path, monkeypatch, field, value):
        def forbidden(state, count):
            pytest.fail("invalid incoming state was advanced")
    
>       run_controlled_driver(monkeypatch, tmp_path, step_override=forbidden,
                              init_override=lambda state: state._replace(**{
                                  field: jnp.full_like(getattr(state, field), value)}), expected_code=1)

tests/test_production_monitor.py:126: 
_ _ _ _ _ _ _ _ _ _ _ _ _ _ _ _ _ _ _ _ _ _ _ _ _ _ _ _ _ _ _ _ _ _ _ _ _ _ _ _ 
tests/_driver_helpers.py:69: in run_controlled_driver
    assert driver.main() == expected_code
           ^^^^^^^^^^^^^
src/run_long_integration_global.py:1688: in main
    final_state_identity_json=json.dumps(fingerprint(state), sort_keys=True),
                                         ^^^^^^^^^^^^^^^^^^
src/restart_contract.py:42: in fingerprint
    return fingerprint(value._asdict())
           ^^^^^^^^^^^^^^^^^^^^^^^^^^^^
src/restart_contract.py:46: in fingerprint
    return {name: fingerprint(item) for name, item in value.items()}
                  ^^^^^^^^^^^^^^^^^
src/restart_contract.py:55: in fingerprint
    return _array_descriptor(value)
           ^^^^^^^^^^^^^^^^^^^^^^^^
_ _ _ _ _ _ _ _ _ _ _ _ _ _ _ _ _ _ _ _ _ _ _ _ _ _ _ _ _ _ _ _ _ _ _ _ _ _ _ _ 

value = Array([[[nan, nan, nan, nan],
        [nan, nan, nan, nan],
        [nan, nan, nan, nan],
        [nan, nan, nan, nan]..., nan, nan],
        [nan, nan, nan, nan],
        [nan, nan, nan, nan],
        [nan, nan, nan, nan]]], dtype=float64)

    def _array_descriptor(value):
        array = np.asarray(value)
        if array.dtype.kind not in "biuf" or not np.isfinite(array).all():
>           raise ValueError("restart arrays must be finite real numeric arrays without pickle")
E           ValueError: restart arrays must be finite real numeric arrays without pickle

src/restart_contract.py:32: ValueError
----------------------------- Captured stdout call -----------------------------
# 2026-09-30 15:01:40  /tmp/ocean-a-venv/bin/python
# ocean-solver --days 0.000925925925925926 --dt 10 --dt-bt 5 --mode-split --seasonal-wind --snap-days 0.0002314814814814815 --checkpoint-days 0.0002314814814814815 --tag controlled --out-dir /tmp/pytest-of-agent/pytest-3/test_invalid_incoming_state_is2 --log-dir /tmp/pytest-of-agent/pytest-3/test_invalid_incoming_state_is2 --nu-h 0 --nu-bi 0 --kappa-v 0 --kappa-conv 0 --polar-cap-rows 0 --polar-cap-taper 0 --no-meridional-heat-flux --no-bulk-flux
Building global FD grid (lat_max=60.0, resolution=1.0°, ny=120, smooth=30, min_depth=100.0)...
  grid 8x8x4, ocean 100.0%, dx_eq=4989780m, lat[-30.0,30.0]
Loading WOA2023 climatology for initial T/S...
  T_init range=[17.00, 17.00] C
Loading 12 monthly NCEP wind snapshots (year 2023)...
======================================================================
GLOBAL FD LONG INTEGRATION (0 days)
======================================================================
grid: 8x8x4  res=1°  dx_eq=4989780m  lon[0.5,359.5]E lat[-30.0,30.0]N
dt=10s  steps=8  snap every 2 steps (0d)
MODE SPLIT: baroclinic dt=10s, barotropic subcycle 2 x 5.0s (--dt-bt 5s), conv_nsub=1, nu_nsub=2, scan=py
physics: nu_h=0  nu_bi=0  kappa_conv=0.0  kappa_v=0
sub-grid closure: NONE (kappa_gm=0, kappa_redi=0)
bulk_flux=0 W/m^2/K (off)
sss_restore: NONE (no surface salt flux)
wall: no-flux N/S (v=0 at boundary rows, mirror-ghost dy)
wind: seasonal cycle 2023 (12 monthly NCEP snapshots)
wind blend: 5d linear window at month boundaries
sponge: NONE
polar cap: NONE
eta_relax: NONE
init: T_init_max=17.00C  amplitude_cap=29.00C
criteria: max|u|<10.0  drift_tol=2.0C  watchdog |eta|>15.0m

   day    step    max|u|   max|T|  max|eta|   SSH_std           KE    NaN
------------------------------------------------------------------------------
    0.0        0     0.000   17.000     0.000    0.0000   0.0000e+00      0
==============================================================================
VERDICT: FAIL_BLOWUP  (wall 0.0 min, 0 steps, max_u_peak=0.000)
  diverged at day 0.0: invalid incoming state (monitor code 1)
  monotonic_drift=False  amplitude_bounded=True
  final max|u|=0.000  max|T|=17.000  max|eta|=0.000
=========================== short test summary info ============================
FAILED tests/test_production_monitor.py::test_invalid_incoming_state_is_never_advanced[S-nan]
!!!!!!!!!!!!!!!!!!!!!!!!!!!!!! KeyboardInterrupt !!!!!!!!!!!!!!!!!!!!!!!!!!!!!!!
/tmp/ocean-a-venv/lib/python3.12/site-packages/jax/_src/compiler.py:395: KeyboardInterrupt
(to show a full traceback on KeyboardInterrupt use --full-trace)
1 failed, 116 passed in 324.06s (0:05:24)
