test_artifact_tampering_and_escape (test_quality_speed_contract.EvidenceTests.test_artifact_tampering_and_escape) ... ok
test_cli_all_verdicts_with_attached_bytes (test_quality_speed_contract.EvidenceTests.test_cli_all_verdicts_with_attached_bytes) ... 
  test_cli_all_verdicts_with_attached_bytes (test_quality_speed_contract.EvidenceTests.test_cli_all_verdicts_with_attached_bytes) (expected='INCOMPLETE') ... FAIL
test_cli_incomplete_nonzero (test_quality_speed_contract.EvidenceTests.test_cli_incomplete_nonzero) ... ok
test_duplicate_json_and_nan (test_quality_speed_contract.EvidenceTests.test_duplicate_json_and_nan) ... ok
test_failed_sync_not_recorded_as_success (test_quality_speed_contract.EvidenceTests.test_failed_sync_not_recorded_as_success) ... ok
test_synchronized_phase_accounting (test_quality_speed_contract.EvidenceTests.test_synchronized_phase_accounting) ... ok
test_unattached_hash (test_quality_speed_contract.EvidenceTests.test_unattached_hash) ... ok
test_bad_metric_definition (test_quality_speed_contract.GateTests.test_bad_metric_definition) ... ok
test_bad_numeric_metrics (test_quality_speed_contract.GateTests.test_bad_numeric_metrics) ... ok
test_both_runs_cannot_replace_frozen_scenario (test_quality_speed_contract.GateTests.test_both_runs_cannot_replace_frozen_scenario) ... ok
test_control_also_must_pass (test_quality_speed_contract.GateTests.test_control_also_must_pass) ... ok
test_convergence_failure (test_quality_speed_contract.GateTests.test_convergence_failure) ... ok
test_declared_incomparability_blocks_both_runs (test_quality_speed_contract.GateTests.test_declared_incomparability_blocks_both_runs) ... ok
test_each_required_run_field_missing (test_quality_speed_contract.GateTests.test_each_required_run_field_missing) ... ok
test_fast_kernel_slow_total (test_quality_speed_contract.GateTests.test_fast_kernel_slow_total) ... ok
test_frozen_hardware_boolean_cannot_equal_integer (test_quality_speed_contract.GateTests.test_frozen_hardware_boolean_cannot_equal_integer) ... ok
test_hardware_forcing_dt_mismatch (test_quality_speed_contract.GateTests.test_hardware_forcing_dt_mismatch) ... ok
test_integration_and_total_cannot_be_not_applicable (test_quality_speed_contract.GateTests.test_integration_and_total_cannot_be_not_applicable) ... ok
test_missing_categories (test_quality_speed_contract.GateTests.test_missing_categories) ... ok
test_missing_fields_on_both_runs_hide_speed (test_quality_speed_contract.GateTests.test_missing_fields_on_both_runs_hide_speed) ... ok
test_missing_zero_or_invalid_timing (test_quality_speed_contract.GateTests.test_missing_zero_or_invalid_timing) ... ok
test_no_hardcoded_two_times (test_quality_speed_contract.GateTests.test_no_hardcoded_two_times) ... ok
test_no_runtime_compile_with_explicit_reason_passes (test_quality_speed_contract.GateTests.test_no_runtime_compile_with_explicit_reason_passes) ... ok
test_partial_payload_and_nonobject (test_quality_speed_contract.GateTests.test_partial_payload_and_nonobject) ... ok
test_phase_status_missing_malformed_or_contradictory (test_quality_speed_contract.GateTests.test_phase_status_missing_malformed_or_contradictory) ... 
  test_phase_status_missing_malformed_or_contradictory (test_quality_speed_contract.GateTests.test_phase_status_missing_malformed_or_contradictory) (value=None) ... FAIL
  test_phase_status_missing_malformed_or_contradictory (test_quality_speed_contract.GateTests.test_phase_status_missing_malformed_or_contradictory) (value=True) ... FAIL
  test_phase_status_missing_malformed_or_contradictory (test_quality_speed_contract.GateTests.test_phase_status_missing_malformed_or_contradictory) (value='measured') ... FAIL
  test_phase_status_missing_malformed_or_contradictory (test_quality_speed_contract.GateTests.test_phase_status_missing_malformed_or_contradictory) (value={}) ... FAIL
  test_phase_status_missing_malformed_or_contradictory (test_quality_speed_contract.GateTests.test_phase_status_missing_malformed_or_contradictory) (value={'status': 'unknown'}) ... FAIL
  test_phase_status_missing_malformed_or_contradictory (test_quality_speed_contract.GateTests.test_phase_status_missing_malformed_or_contradictory) (value={'status': True}) ... FAIL
  test_phase_status_missing_malformed_or_contradictory (test_quality_speed_contract.GateTests.test_phase_status_missing_malformed_or_contradictory) (value={'status': 'not_applicable'}) ... FAIL
  test_phase_status_missing_malformed_or_contradictory (test_quality_speed_contract.GateTests.test_phase_status_missing_malformed_or_contradictory) (value={'status': 'not_applicable', 'reason': ' '}) ... FAIL
  test_phase_status_missing_malformed_or_contradictory (test_quality_speed_contract.GateTests.test_phase_status_missing_malformed_or_contradictory) (value={'status': 'not_applicable', 'reason': False}) ... FAIL
  test_phase_status_missing_malformed_or_contradictory (test_quality_speed_contract.GateTests.test_phase_status_missing_malformed_or_contradictory) (value={'status': 'not_applicable', 'reason': 'AOT but duration is positive'}) ... FAIL
  test_phase_status_missing_malformed_or_contradictory (test_quality_speed_contract.GateTests.test_phase_status_missing_malformed_or_contradictory) (missing='setup') ... FAIL
  test_phase_status_missing_malformed_or_contradictory (test_quality_speed_contract.GateTests.test_phase_status_missing_malformed_or_contradictory) (missing='cold_compile') ... FAIL
  test_phase_status_missing_malformed_or_contradictory (test_quality_speed_contract.GateTests.test_phase_status_missing_malformed_or_contradictory) (missing='warmup') ... FAIL
  test_phase_status_missing_malformed_or_contradictory (test_quality_speed_contract.GateTests.test_phase_status_missing_malformed_or_contradictory) (missing='integration') ... FAIL
  test_phase_status_missing_malformed_or_contradictory (test_quality_speed_contract.GateTests.test_phase_status_missing_malformed_or_contradictory) (missing='diagnostics_io') ... FAIL
  test_phase_status_missing_malformed_or_contradictory (test_quality_speed_contract.GateTests.test_phase_status_missing_malformed_or_contradictory) (missing='total') ... FAIL
test_phase_status_missing_malformed_or_contradictory (test_quality_speed_contract.GateTests.test_phase_status_missing_malformed_or_contradictory) ... FAIL
test_policy_freeze (test_quality_speed_contract.GateTests.test_policy_freeze) ... ok
test_quality_failure_hides_speed (test_quality_speed_contract.GateTests.test_quality_failure_hides_speed) ... ok
test_repeats_and_pairing (test_quality_speed_contract.GateTests.test_repeats_and_pairing) ... ok
test_schema_boolean_is_not_version_one (test_quality_speed_contract.GateTests.test_schema_boolean_is_not_version_one) ... ok
test_source_dirty (test_quality_speed_contract.GateTests.test_source_dirty) ... ok
test_status_and_boolean_fields_fail_closed (test_quality_speed_contract.GateTests.test_status_and_boolean_fields_fail_closed) ... ok
test_synthetic_pass_never_industrial (test_quality_speed_contract.GateTests.test_synthetic_pass_never_industrial) ... ok
test_total_must_include_phases (test_quality_speed_contract.GateTests.test_total_must_include_phases) ... ok
test_truncated_duration (test_quality_speed_contract.GateTests.test_truncated_duration) ... ok
test_unexplained_zero_phases_fail_closed (test_quality_speed_contract.GateTests.test_unexplained_zero_phases_fail_closed) ... 
  test_unexplained_zero_phases_fail_closed (test_quality_speed_contract.GateTests.test_unexplained_zero_phases_fail_closed) (label='control', phase='setup') ... FAIL
  test_unexplained_zero_phases_fail_closed (test_quality_speed_contract.GateTests.test_unexplained_zero_phases_fail_closed) (label='control', phase='cold_compile') ... FAIL
  test_unexplained_zero_phases_fail_closed (test_quality_speed_contract.GateTests.test_unexplained_zero_phases_fail_closed) (label='control', phase='warmup') ... FAIL
  test_unexplained_zero_phases_fail_closed (test_quality_speed_contract.GateTests.test_unexplained_zero_phases_fail_closed) (label='control', phase='diagnostics_io') ... FAIL
  test_unexplained_zero_phases_fail_closed (test_quality_speed_contract.GateTests.test_unexplained_zero_phases_fail_closed) (label='candidate', phase='setup') ... FAIL
  test_unexplained_zero_phases_fail_closed (test_quality_speed_contract.GateTests.test_unexplained_zero_phases_fail_closed) (label='candidate', phase='cold_compile') ... FAIL
  test_unexplained_zero_phases_fail_closed (test_quality_speed_contract.GateTests.test_unexplained_zero_phases_fail_closed) (label='candidate', phase='warmup') ... FAIL
  test_unexplained_zero_phases_fail_closed (test_quality_speed_contract.GateTests.test_unexplained_zero_phases_fail_closed) (label='candidate', phase='diagnostics_io') ... FAIL
test_wrong_registered_source (test_quality_speed_contract.GateTests.test_wrong_registered_source) ... ok

======================================================================
FAIL: test_cli_all_verdicts_with_attached_bytes (test_quality_speed_contract.EvidenceTests.test_cli_all_verdicts_with_attached_bytes) (expected='INCOMPLETE')
----------------------------------------------------------------------
Traceback (most recent call last):
  File "/workspace/ocean-solver/tests/test_quality_speed_contract.py", line 367, in test_cli_all_verdicts_with_attached_bytes
    self.assertEqual(completed.returncode, code, completed.stderr)
AssertionError: 0 != 2 : 

======================================================================
FAIL: test_phase_status_missing_malformed_or_contradictory (test_quality_speed_contract.GateTests.test_phase_status_missing_malformed_or_contradictory) (value=None)
----------------------------------------------------------------------
Traceback (most recent call last):
  File "/workspace/ocean-solver/tests/test_quality_speed_contract.py", line 215, in test_phase_status_missing_malformed_or_contradictory
    self.assertEqual(result['status'], 'INCOMPLETE')
AssertionError: 'PASS' != 'INCOMPLETE'
- PASS
+ INCOMPLETE


======================================================================
FAIL: test_phase_status_missing_malformed_or_contradictory (test_quality_speed_contract.GateTests.test_phase_status_missing_malformed_or_contradictory) (value=True)
----------------------------------------------------------------------
Traceback (most recent call last):
  File "/workspace/ocean-solver/tests/test_quality_speed_contract.py", line 215, in test_phase_status_missing_malformed_or_contradictory
    self.assertEqual(result['status'], 'INCOMPLETE')
AssertionError: 'PASS' != 'INCOMPLETE'
- PASS
+ INCOMPLETE


======================================================================
FAIL: test_phase_status_missing_malformed_or_contradictory (test_quality_speed_contract.GateTests.test_phase_status_missing_malformed_or_contradictory) (value='measured')
----------------------------------------------------------------------
Traceback (most recent call last):
  File "/workspace/ocean-solver/tests/test_quality_speed_contract.py", line 215, in test_phase_status_missing_malformed_or_contradictory
    self.assertEqual(result['status'], 'INCOMPLETE')
AssertionError: 'PASS' != 'INCOMPLETE'
- PASS
+ INCOMPLETE


======================================================================
FAIL: test_phase_status_missing_malformed_or_contradictory (test_quality_speed_contract.GateTests.test_phase_status_missing_malformed_or_contradictory) (value={})
----------------------------------------------------------------------
Traceback (most recent call last):
  File "/workspace/ocean-solver/tests/test_quality_speed_contract.py", line 215, in test_phase_status_missing_malformed_or_contradictory
    self.assertEqual(result['status'], 'INCOMPLETE')
AssertionError: 'PASS' != 'INCOMPLETE'
- PASS
+ INCOMPLETE


======================================================================
FAIL: test_phase_status_missing_malformed_or_contradictory (test_quality_speed_contract.GateTests.test_phase_status_missing_malformed_or_contradictory) (value={'status': 'unknown'})
----------------------------------------------------------------------
Traceback (most recent call last):
  File "/workspace/ocean-solver/tests/test_quality_speed_contract.py", line 215, in test_phase_status_missing_malformed_or_contradictory
    self.assertEqual(result['status'], 'INCOMPLETE')
AssertionError: 'PASS' != 'INCOMPLETE'
- PASS
+ INCOMPLETE


======================================================================
FAIL: test_phase_status_missing_malformed_or_contradictory (test_quality_speed_contract.GateTests.test_phase_status_missing_malformed_or_contradictory) (value={'status': True})
----------------------------------------------------------------------
Traceback (most recent call last):
  File "/workspace/ocean-solver/tests/test_quality_speed_contract.py", line 215, in test_phase_status_missing_malformed_or_contradictory
    self.assertEqual(result['status'], 'INCOMPLETE')
AssertionError: 'PASS' != 'INCOMPLETE'
- PASS
+ INCOMPLETE


======================================================================
FAIL: test_phase_status_missing_malformed_or_contradictory (test_quality_speed_contract.GateTests.test_phase_status_missing_malformed_or_contradictory) (value={'status': 'not_applicable'})
----------------------------------------------------------------------
Traceback (most recent call last):
  File "/workspace/ocean-solver/tests/test_quality_speed_contract.py", line 215, in test_phase_status_missing_malformed_or_contradictory
    self.assertEqual(result['status'], 'INCOMPLETE')
AssertionError: 'PASS' != 'INCOMPLETE'
- PASS
+ INCOMPLETE


======================================================================
FAIL: test_phase_status_missing_malformed_or_contradictory (test_quality_speed_contract.GateTests.test_phase_status_missing_malformed_or_contradictory) (value={'status': 'not_applicable', 'reason': ' '})
----------------------------------------------------------------------
Traceback (most recent call last):
  File "/workspace/ocean-solver/tests/test_quality_speed_contract.py", line 215, in test_phase_status_missing_malformed_or_contradictory
    self.assertEqual(result['status'], 'INCOMPLETE')
AssertionError: 'PASS' != 'INCOMPLETE'
- PASS
+ INCOMPLETE


======================================================================
FAIL: test_phase_status_missing_malformed_or_contradictory (test_quality_speed_contract.GateTests.test_phase_status_missing_malformed_or_contradictory) (value={'status': 'not_applicable', 'reason': False})
----------------------------------------------------------------------
Traceback (most recent call last):
  File "/workspace/ocean-solver/tests/test_quality_speed_contract.py", line 215, in test_phase_status_missing_malformed_or_contradictory
    self.assertEqual(result['status'], 'INCOMPLETE')
AssertionError: 'PASS' != 'INCOMPLETE'
- PASS
+ INCOMPLETE


======================================================================
FAIL: test_phase_status_missing_malformed_or_contradictory (test_quality_speed_contract.GateTests.test_phase_status_missing_malformed_or_contradictory) (value={'status': 'not_applicable', 'reason': 'AOT but duration is positive'})
----------------------------------------------------------------------
Traceback (most recent call last):
  File "/workspace/ocean-solver/tests/test_quality_speed_contract.py", line 215, in test_phase_status_missing_malformed_or_contradictory
    self.assertEqual(result['status'], 'INCOMPLETE')
AssertionError: 'PASS' != 'INCOMPLETE'
- PASS
+ INCOMPLETE


======================================================================
FAIL: test_phase_status_missing_malformed_or_contradictory (test_quality_speed_contract.GateTests.test_phase_status_missing_malformed_or_contradictory) (missing='setup')
----------------------------------------------------------------------
Traceback (most recent call last):
  File "/workspace/ocean-solver/tests/test_quality_speed_contract.py", line 221, in test_phase_status_missing_malformed_or_contradictory
    self.assertEqual(evaluate(a, b, p, digest(p))['status'], 'INCOMPLETE')
AssertionError: 'PASS' != 'INCOMPLETE'
- PASS
+ INCOMPLETE


======================================================================
FAIL: test_phase_status_missing_malformed_or_contradictory (test_quality_speed_contract.GateTests.test_phase_status_missing_malformed_or_contradictory) (missing='cold_compile')
----------------------------------------------------------------------
Traceback (most recent call last):
  File "/workspace/ocean-solver/tests/test_quality_speed_contract.py", line 221, in test_phase_status_missing_malformed_or_contradictory
    self.assertEqual(evaluate(a, b, p, digest(p))['status'], 'INCOMPLETE')
AssertionError: 'PASS' != 'INCOMPLETE'
- PASS
+ INCOMPLETE


======================================================================
FAIL: test_phase_status_missing_malformed_or_contradictory (test_quality_speed_contract.GateTests.test_phase_status_missing_malformed_or_contradictory) (missing='warmup')
----------------------------------------------------------------------
Traceback (most recent call last):
  File "/workspace/ocean-solver/tests/test_quality_speed_contract.py", line 221, in test_phase_status_missing_malformed_or_contradictory
    self.assertEqual(evaluate(a, b, p, digest(p))['status'], 'INCOMPLETE')
AssertionError: 'PASS' != 'INCOMPLETE'
- PASS
+ INCOMPLETE


======================================================================
FAIL: test_phase_status_missing_malformed_or_contradictory (test_quality_speed_contract.GateTests.test_phase_status_missing_malformed_or_contradictory) (missing='integration')
----------------------------------------------------------------------
Traceback (most recent call last):
  File "/workspace/ocean-solver/tests/test_quality_speed_contract.py", line 221, in test_phase_status_missing_malformed_or_contradictory
    self.assertEqual(evaluate(a, b, p, digest(p))['status'], 'INCOMPLETE')
AssertionError: 'PASS' != 'INCOMPLETE'
- PASS
+ INCOMPLETE


======================================================================
FAIL: test_phase_status_missing_malformed_or_contradictory (test_quality_speed_contract.GateTests.test_phase_status_missing_malformed_or_contradictory) (missing='diagnostics_io')
----------------------------------------------------------------------
Traceback (most recent call last):
  File "/workspace/ocean-solver/tests/test_quality_speed_contract.py", line 221, in test_phase_status_missing_malformed_or_contradictory
    self.assertEqual(evaluate(a, b, p, digest(p))['status'], 'INCOMPLETE')
AssertionError: 'PASS' != 'INCOMPLETE'
- PASS
+ INCOMPLETE


======================================================================
FAIL: test_phase_status_missing_malformed_or_contradictory (test_quality_speed_contract.GateTests.test_phase_status_missing_malformed_or_contradictory) (missing='total')
----------------------------------------------------------------------
Traceback (most recent call last):
  File "/workspace/ocean-solver/tests/test_quality_speed_contract.py", line 221, in test_phase_status_missing_malformed_or_contradictory
    self.assertEqual(evaluate(a, b, p, digest(p))['status'], 'INCOMPLETE')
AssertionError: 'PASS' != 'INCOMPLETE'
- PASS
+ INCOMPLETE


======================================================================
FAIL: test_phase_status_missing_malformed_or_contradictory (test_quality_speed_contract.GateTests.test_phase_status_missing_malformed_or_contradictory)
----------------------------------------------------------------------
Traceback (most recent call last):
  File "/workspace/ocean-solver/tests/test_quality_speed_contract.py", line 223, in test_phase_status_missing_malformed_or_contradictory
    self.assertEqual(self.result()['status'], 'INCOMPLETE')
AssertionError: 'PASS' != 'INCOMPLETE'
- PASS
+ INCOMPLETE


======================================================================
FAIL: test_unexplained_zero_phases_fail_closed (test_quality_speed_contract.GateTests.test_unexplained_zero_phases_fail_closed) (label='control', phase='setup')
----------------------------------------------------------------------
Traceback (most recent call last):
  File "/workspace/ocean-solver/tests/test_quality_speed_contract.py", line 193, in test_unexplained_zero_phases_fail_closed
    self.assertEqual(result['status'], 'INCOMPLETE')
AssertionError: 'PASS' != 'INCOMPLETE'
- PASS
+ INCOMPLETE


======================================================================
FAIL: test_unexplained_zero_phases_fail_closed (test_quality_speed_contract.GateTests.test_unexplained_zero_phases_fail_closed) (label='control', phase='cold_compile')
----------------------------------------------------------------------
Traceback (most recent call last):
  File "/workspace/ocean-solver/tests/test_quality_speed_contract.py", line 193, in test_unexplained_zero_phases_fail_closed
    self.assertEqual(result['status'], 'INCOMPLETE')
AssertionError: 'PASS' != 'INCOMPLETE'
- PASS
+ INCOMPLETE


======================================================================
FAIL: test_unexplained_zero_phases_fail_closed (test_quality_speed_contract.GateTests.test_unexplained_zero_phases_fail_closed) (label='control', phase='warmup')
----------------------------------------------------------------------
Traceback (most recent call last):
  File "/workspace/ocean-solver/tests/test_quality_speed_contract.py", line 193, in test_unexplained_zero_phases_fail_closed
    self.assertEqual(result['status'], 'INCOMPLETE')
AssertionError: 'PASS' != 'INCOMPLETE'
- PASS
+ INCOMPLETE


======================================================================
FAIL: test_unexplained_zero_phases_fail_closed (test_quality_speed_contract.GateTests.test_unexplained_zero_phases_fail_closed) (label='control', phase='diagnostics_io')
----------------------------------------------------------------------
Traceback (most recent call last):
  File "/workspace/ocean-solver/tests/test_quality_speed_contract.py", line 193, in test_unexplained_zero_phases_fail_closed
    self.assertEqual(result['status'], 'INCOMPLETE')
AssertionError: 'PASS' != 'INCOMPLETE'
- PASS
+ INCOMPLETE


======================================================================
FAIL: test_unexplained_zero_phases_fail_closed (test_quality_speed_contract.GateTests.test_unexplained_zero_phases_fail_closed) (label='candidate', phase='setup')
----------------------------------------------------------------------
Traceback (most recent call last):
  File "/workspace/ocean-solver/tests/test_quality_speed_contract.py", line 193, in test_unexplained_zero_phases_fail_closed
    self.assertEqual(result['status'], 'INCOMPLETE')
AssertionError: 'PASS' != 'INCOMPLETE'
- PASS
+ INCOMPLETE


======================================================================
FAIL: test_unexplained_zero_phases_fail_closed (test_quality_speed_contract.GateTests.test_unexplained_zero_phases_fail_closed) (label='candidate', phase='cold_compile')
----------------------------------------------------------------------
Traceback (most recent call last):
  File "/workspace/ocean-solver/tests/test_quality_speed_contract.py", line 193, in test_unexplained_zero_phases_fail_closed
    self.assertEqual(result['status'], 'INCOMPLETE')
AssertionError: 'PASS' != 'INCOMPLETE'
- PASS
+ INCOMPLETE


======================================================================
FAIL: test_unexplained_zero_phases_fail_closed (test_quality_speed_contract.GateTests.test_unexplained_zero_phases_fail_closed) (label='candidate', phase='warmup')
----------------------------------------------------------------------
Traceback (most recent call last):
  File "/workspace/ocean-solver/tests/test_quality_speed_contract.py", line 193, in test_unexplained_zero_phases_fail_closed
    self.assertEqual(result['status'], 'INCOMPLETE')
AssertionError: 'PASS' != 'INCOMPLETE'
- PASS
+ INCOMPLETE


======================================================================
FAIL: test_unexplained_zero_phases_fail_closed (test_quality_speed_contract.GateTests.test_unexplained_zero_phases_fail_closed) (label='candidate', phase='diagnostics_io')
----------------------------------------------------------------------
Traceback (most recent call last):
  File "/workspace/ocean-solver/tests/test_quality_speed_contract.py", line 193, in test_unexplained_zero_phases_fail_closed
    self.assertEqual(result['status'], 'INCOMPLETE')
AssertionError: 'PASS' != 'INCOMPLETE'
- PASS
+ INCOMPLETE


----------------------------------------------------------------------
Ran 36 tests in 1.120s

FAILED (failures=26)
