test_artifact_tampering_and_escape (test_quality_speed_contract.EvidenceTests.test_artifact_tampering_and_escape) ... ok
test_cli_all_verdicts_with_attached_bytes (test_quality_speed_contract.EvidenceTests.test_cli_all_verdicts_with_attached_bytes) ... 
  test_cli_all_verdicts_with_attached_bytes (test_quality_speed_contract.EvidenceTests.test_cli_all_verdicts_with_attached_bytes) (expected='NOT_COMPARABLE') ... FAIL
  test_cli_all_verdicts_with_attached_bytes (test_quality_speed_contract.EvidenceTests.test_cli_all_verdicts_with_attached_bytes) (expected='INCOMPLETE') ... FAIL
  test_cli_all_verdicts_with_attached_bytes (test_quality_speed_contract.EvidenceTests.test_cli_all_verdicts_with_attached_bytes) (expected='INCOMPLETE') ... FAIL
  test_cli_all_verdicts_with_attached_bytes (test_quality_speed_contract.EvidenceTests.test_cli_all_verdicts_with_attached_bytes) (expected='INCOMPLETE') ... FAIL
test_cli_incomplete_nonzero (test_quality_speed_contract.EvidenceTests.test_cli_incomplete_nonzero) ... ok
test_duplicate_json_and_nan (test_quality_speed_contract.EvidenceTests.test_duplicate_json_and_nan) ... ok
test_failed_sync_not_recorded_as_success (test_quality_speed_contract.EvidenceTests.test_failed_sync_not_recorded_as_success) ... ok
test_synchronized_phase_accounting (test_quality_speed_contract.EvidenceTests.test_synchronized_phase_accounting) ... ok
test_unattached_hash (test_quality_speed_contract.EvidenceTests.test_unattached_hash) ... ok
test_bad_metric_definition (test_quality_speed_contract.GateTests.test_bad_metric_definition) ... ok
test_bad_numeric_metrics (test_quality_speed_contract.GateTests.test_bad_numeric_metrics) ... ok
test_both_runs_cannot_replace_frozen_scenario (test_quality_speed_contract.GateTests.test_both_runs_cannot_replace_frozen_scenario) ... ok
test_control_also_must_pass (test_quality_speed_contract.GateTests.test_control_also_must_pass) ... ok
test_convergence_failure (test_quality_speed_contract.GateTests.test_convergence_failure) ... ok
test_declared_incomparability_blocks_both_runs (test_quality_speed_contract.GateTests.test_declared_incomparability_blocks_both_runs) ... 
  test_declared_incomparability_blocks_both_runs (test_quality_speed_contract.GateTests.test_declared_incomparability_blocks_both_runs) (label='control') ... FAIL
  test_declared_incomparability_blocks_both_runs (test_quality_speed_contract.GateTests.test_declared_incomparability_blocks_both_runs) (label='candidate') ... FAIL
test_each_required_run_field_missing (test_quality_speed_contract.GateTests.test_each_required_run_field_missing) ... 
  test_each_required_run_field_missing (test_quality_speed_contract.GateTests.test_each_required_run_field_missing) (key='not_comparable') ... FAIL
test_fast_kernel_slow_total (test_quality_speed_contract.GateTests.test_fast_kernel_slow_total) ... ok
test_frozen_hardware_boolean_cannot_equal_integer (test_quality_speed_contract.GateTests.test_frozen_hardware_boolean_cannot_equal_integer) ... FAIL
test_hardware_forcing_dt_mismatch (test_quality_speed_contract.GateTests.test_hardware_forcing_dt_mismatch) ... ok
test_missing_categories (test_quality_speed_contract.GateTests.test_missing_categories) ... ok
test_missing_fields_on_both_runs_hide_speed (test_quality_speed_contract.GateTests.test_missing_fields_on_both_runs_hide_speed) ... 
  test_missing_fields_on_both_runs_hide_speed (test_quality_speed_contract.GateTests.test_missing_fields_on_both_runs_hide_speed) (label='control', key='not_comparable') ... FAIL
  test_missing_fields_on_both_runs_hide_speed (test_quality_speed_contract.GateTests.test_missing_fields_on_both_runs_hide_speed) (label='candidate', key='not_comparable') ... FAIL
test_missing_zero_or_invalid_timing (test_quality_speed_contract.GateTests.test_missing_zero_or_invalid_timing) ... ok
test_no_hardcoded_two_times (test_quality_speed_contract.GateTests.test_no_hardcoded_two_times) ... ok
test_partial_payload_and_nonobject (test_quality_speed_contract.GateTests.test_partial_payload_and_nonobject) ... ok
test_policy_freeze (test_quality_speed_contract.GateTests.test_policy_freeze) ... ok
test_quality_failure_hides_speed (test_quality_speed_contract.GateTests.test_quality_failure_hides_speed) ... ok
test_repeats_and_pairing (test_quality_speed_contract.GateTests.test_repeats_and_pairing) ... ok
test_schema_boolean_is_not_version_one (test_quality_speed_contract.GateTests.test_schema_boolean_is_not_version_one) ... 
  test_schema_boolean_is_not_version_one (test_quality_speed_contract.GateTests.test_schema_boolean_is_not_version_one) (label='control', value=True) ... FAIL
  test_schema_boolean_is_not_version_one (test_quality_speed_contract.GateTests.test_schema_boolean_is_not_version_one) (label='control', value=1.0) ... FAIL
  test_schema_boolean_is_not_version_one (test_quality_speed_contract.GateTests.test_schema_boolean_is_not_version_one) (label='candidate', value=True) ... FAIL
  test_schema_boolean_is_not_version_one (test_quality_speed_contract.GateTests.test_schema_boolean_is_not_version_one) (label='candidate', value=1.0) ... FAIL
  test_schema_boolean_is_not_version_one (test_quality_speed_contract.GateTests.test_schema_boolean_is_not_version_one) (label='policy', value=True) ... FAIL
  test_schema_boolean_is_not_version_one (test_quality_speed_contract.GateTests.test_schema_boolean_is_not_version_one) (label='policy', value=1.0) ... FAIL
test_source_dirty (test_quality_speed_contract.GateTests.test_source_dirty) ... ok
test_status_and_boolean_fields_fail_closed (test_quality_speed_contract.GateTests.test_status_and_boolean_fields_fail_closed) ... 
  test_status_and_boolean_fields_fail_closed (test_quality_speed_contract.GateTests.test_status_and_boolean_fields_fail_closed) (label='control', key='not_comparable', value=0) ... FAIL
  test_status_and_boolean_fields_fail_closed (test_quality_speed_contract.GateTests.test_status_and_boolean_fields_fail_closed) (label='control', key='not_comparable', value=1) ... FAIL
  test_status_and_boolean_fields_fail_closed (test_quality_speed_contract.GateTests.test_status_and_boolean_fields_fail_closed) (label='control', key='not_comparable', value='false') ... FAIL
  test_status_and_boolean_fields_fail_closed (test_quality_speed_contract.GateTests.test_status_and_boolean_fields_fail_closed) (label='control', key='not_comparable', value='true') ... FAIL
  test_status_and_boolean_fields_fail_closed (test_quality_speed_contract.GateTests.test_status_and_boolean_fields_fail_closed) (label='control', key='not_comparable', value=None) ... FAIL
  test_status_and_boolean_fields_fail_closed (test_quality_speed_contract.GateTests.test_status_and_boolean_fields_fail_closed) (label='control', key='not_comparable', value=[]) ... FAIL
  test_status_and_boolean_fields_fail_closed (test_quality_speed_contract.GateTests.test_status_and_boolean_fields_fail_closed) (label='control', key='not_comparable', value={}) ... FAIL
  test_status_and_boolean_fields_fail_closed (test_quality_speed_contract.GateTests.test_status_and_boolean_fields_fail_closed) (label='control', key='status', value='NOT_COMPARABLE') ... FAIL
  test_status_and_boolean_fields_fail_closed (test_quality_speed_contract.GateTests.test_status_and_boolean_fields_fail_closed) (label='control', key='status', value=True) ... FAIL
  test_status_and_boolean_fields_fail_closed (test_quality_speed_contract.GateTests.test_status_and_boolean_fields_fail_closed) (label='control', key='status', value=False) ... FAIL
  test_status_and_boolean_fields_fail_closed (test_quality_speed_contract.GateTests.test_status_and_boolean_fields_fail_closed) (label='control', key='status', value=None) ... FAIL
  test_status_and_boolean_fields_fail_closed (test_quality_speed_contract.GateTests.test_status_and_boolean_fields_fail_closed) (label='control', key='pass', value='NOT_COMPARABLE') ... FAIL
  test_status_and_boolean_fields_fail_closed (test_quality_speed_contract.GateTests.test_status_and_boolean_fields_fail_closed) (label='control', key='pass', value=True) ... FAIL
  test_status_and_boolean_fields_fail_closed (test_quality_speed_contract.GateTests.test_status_and_boolean_fields_fail_closed) (label='control', key='pass', value=False) ... FAIL
  test_status_and_boolean_fields_fail_closed (test_quality_speed_contract.GateTests.test_status_and_boolean_fields_fail_closed) (label='control', key='pass', value=None) ... FAIL
  test_status_and_boolean_fields_fail_closed (test_quality_speed_contract.GateTests.test_status_and_boolean_fields_fail_closed) (label='control', key='comparable', value='NOT_COMPARABLE') ... FAIL
  test_status_and_boolean_fields_fail_closed (test_quality_speed_contract.GateTests.test_status_and_boolean_fields_fail_closed) (label='control', key='comparable', value=True) ... FAIL
  test_status_and_boolean_fields_fail_closed (test_quality_speed_contract.GateTests.test_status_and_boolean_fields_fail_closed) (label='control', key='comparable', value=False) ... FAIL
  test_status_and_boolean_fields_fail_closed (test_quality_speed_contract.GateTests.test_status_and_boolean_fields_fail_closed) (label='control', key='comparable', value=None) ... FAIL
  test_status_and_boolean_fields_fail_closed (test_quality_speed_contract.GateTests.test_status_and_boolean_fields_fail_closed) (label='control', key='failed', value='NOT_COMPARABLE') ... FAIL
  test_status_and_boolean_fields_fail_closed (test_quality_speed_contract.GateTests.test_status_and_boolean_fields_fail_closed) (label='control', key='failed', value=True) ... FAIL
  test_status_and_boolean_fields_fail_closed (test_quality_speed_contract.GateTests.test_status_and_boolean_fields_fail_closed) (label='control', key='failed', value=False) ... FAIL
  test_status_and_boolean_fields_fail_closed (test_quality_speed_contract.GateTests.test_status_and_boolean_fields_fail_closed) (label='control', key='failed', value=None) ... FAIL
  test_status_and_boolean_fields_fail_closed (test_quality_speed_contract.GateTests.test_status_and_boolean_fields_fail_closed) (label='control', key='not_comparabl', value='NOT_COMPARABLE') ... FAIL
  test_status_and_boolean_fields_fail_closed (test_quality_speed_contract.GateTests.test_status_and_boolean_fields_fail_closed) (label='control', key='not_comparabl', value=True) ... FAIL
  test_status_and_boolean_fields_fail_closed (test_quality_speed_contract.GateTests.test_status_and_boolean_fields_fail_closed) (label='control', key='not_comparabl', value=False) ... FAIL
  test_status_and_boolean_fields_fail_closed (test_quality_speed_contract.GateTests.test_status_and_boolean_fields_fail_closed) (label='control', key='not_comparabl', value=None) ... FAIL
  test_status_and_boolean_fields_fail_closed (test_quality_speed_contract.GateTests.test_status_and_boolean_fields_fail_closed) (label='candidate', key='not_comparable', value=0) ... FAIL
  test_status_and_boolean_fields_fail_closed (test_quality_speed_contract.GateTests.test_status_and_boolean_fields_fail_closed) (label='candidate', key='not_comparable', value=1) ... FAIL
  test_status_and_boolean_fields_fail_closed (test_quality_speed_contract.GateTests.test_status_and_boolean_fields_fail_closed) (label='candidate', key='not_comparable', value='false') ... FAIL
  test_status_and_boolean_fields_fail_closed (test_quality_speed_contract.GateTests.test_status_and_boolean_fields_fail_closed) (label='candidate', key='not_comparable', value='true') ... FAIL
  test_status_and_boolean_fields_fail_closed (test_quality_speed_contract.GateTests.test_status_and_boolean_fields_fail_closed) (label='candidate', key='not_comparable', value=None) ... FAIL
  test_status_and_boolean_fields_fail_closed (test_quality_speed_contract.GateTests.test_status_and_boolean_fields_fail_closed) (label='candidate', key='not_comparable', value=[]) ... FAIL
  test_status_and_boolean_fields_fail_closed (test_quality_speed_contract.GateTests.test_status_and_boolean_fields_fail_closed) (label='candidate', key='not_comparable', value={}) ... FAIL
  test_status_and_boolean_fields_fail_closed (test_quality_speed_contract.GateTests.test_status_and_boolean_fields_fail_closed) (label='candidate', key='status', value='NOT_COMPARABLE') ... FAIL
  test_status_and_boolean_fields_fail_closed (test_quality_speed_contract.GateTests.test_status_and_boolean_fields_fail_closed) (label='candidate', key='status', value=True) ... FAIL
  test_status_and_boolean_fields_fail_closed (test_quality_speed_contract.GateTests.test_status_and_boolean_fields_fail_closed) (label='candidate', key='status', value=False) ... FAIL
  test_status_and_boolean_fields_fail_closed (test_quality_speed_contract.GateTests.test_status_and_boolean_fields_fail_closed) (label='candidate', key='status', value=None) ... FAIL
  test_status_and_boolean_fields_fail_closed (test_quality_speed_contract.GateTests.test_status_and_boolean_fields_fail_closed) (label='candidate', key='pass', value='NOT_COMPARABLE') ... FAIL
  test_status_and_boolean_fields_fail_closed (test_quality_speed_contract.GateTests.test_status_and_boolean_fields_fail_closed) (label='candidate', key='pass', value=True) ... FAIL
  test_status_and_boolean_fields_fail_closed (test_quality_speed_contract.GateTests.test_status_and_boolean_fields_fail_closed) (label='candidate', key='pass', value=False) ... FAIL
  test_status_and_boolean_fields_fail_closed (test_quality_speed_contract.GateTests.test_status_and_boolean_fields_fail_closed) (label='candidate', key='pass', value=None) ... FAIL
  test_status_and_boolean_fields_fail_closed (test_quality_speed_contract.GateTests.test_status_and_boolean_fields_fail_closed) (label='candidate', key='comparable', value='NOT_COMPARABLE') ... FAIL
  test_status_and_boolean_fields_fail_closed (test_quality_speed_contract.GateTests.test_status_and_boolean_fields_fail_closed) (label='candidate', key='comparable', value=True) ... FAIL
  test_status_and_boolean_fields_fail_closed (test_quality_speed_contract.GateTests.test_status_and_boolean_fields_fail_closed) (label='candidate', key='comparable', value=False) ... FAIL
  test_status_and_boolean_fields_fail_closed (test_quality_speed_contract.GateTests.test_status_and_boolean_fields_fail_closed) (label='candidate', key='comparable', value=None) ... FAIL
  test_status_and_boolean_fields_fail_closed (test_quality_speed_contract.GateTests.test_status_and_boolean_fields_fail_closed) (label='candidate', key='failed', value='NOT_COMPARABLE') ... FAIL
  test_status_and_boolean_fields_fail_closed (test_quality_speed_contract.GateTests.test_status_and_boolean_fields_fail_closed) (label='candidate', key='failed', value=True) ... FAIL
  test_status_and_boolean_fields_fail_closed (test_quality_speed_contract.GateTests.test_status_and_boolean_fields_fail_closed) (label='candidate', key='failed', value=False) ... FAIL
  test_status_and_boolean_fields_fail_closed (test_quality_speed_contract.GateTests.test_status_and_boolean_fields_fail_closed) (label='candidate', key='failed', value=None) ... FAIL
  test_status_and_boolean_fields_fail_closed (test_quality_speed_contract.GateTests.test_status_and_boolean_fields_fail_closed) (label='candidate', key='not_comparabl', value='NOT_COMPARABLE') ... FAIL
  test_status_and_boolean_fields_fail_closed (test_quality_speed_contract.GateTests.test_status_and_boolean_fields_fail_closed) (label='candidate', key='not_comparabl', value=True) ... FAIL
  test_status_and_boolean_fields_fail_closed (test_quality_speed_contract.GateTests.test_status_and_boolean_fields_fail_closed) (label='candidate', key='not_comparabl', value=False) ... FAIL
  test_status_and_boolean_fields_fail_closed (test_quality_speed_contract.GateTests.test_status_and_boolean_fields_fail_closed) (label='candidate', key='not_comparabl', value=None) ... FAIL
test_synthetic_pass_never_industrial (test_quality_speed_contract.GateTests.test_synthetic_pass_never_industrial) ... ok
test_total_must_include_phases (test_quality_speed_contract.GateTests.test_total_must_include_phases) ... ok
test_truncated_duration (test_quality_speed_contract.GateTests.test_truncated_duration) ... ok
test_wrong_registered_source (test_quality_speed_contract.GateTests.test_wrong_registered_source) ... ok

======================================================================
FAIL: test_cli_all_verdicts_with_attached_bytes (test_quality_speed_contract.EvidenceTests.test_cli_all_verdicts_with_attached_bytes) (expected='NOT_COMPARABLE')
----------------------------------------------------------------------
Traceback (most recent call last):
  File "/workspace/ocean-solver/tests/test_quality_speed_contract.py", line 308, in test_cli_all_verdicts_with_attached_bytes
    self.assertEqual(completed.returncode, code, completed.stderr)
AssertionError: 0 != 3 : 

======================================================================
FAIL: test_cli_all_verdicts_with_attached_bytes (test_quality_speed_contract.EvidenceTests.test_cli_all_verdicts_with_attached_bytes) (expected='INCOMPLETE')
----------------------------------------------------------------------
Traceback (most recent call last):
  File "/workspace/ocean-solver/tests/test_quality_speed_contract.py", line 308, in test_cli_all_verdicts_with_attached_bytes
    self.assertEqual(completed.returncode, code, completed.stderr)
AssertionError: 0 != 2 : 

======================================================================
FAIL: test_cli_all_verdicts_with_attached_bytes (test_quality_speed_contract.EvidenceTests.test_cli_all_verdicts_with_attached_bytes) (expected='INCOMPLETE')
----------------------------------------------------------------------
Traceback (most recent call last):
  File "/workspace/ocean-solver/tests/test_quality_speed_contract.py", line 308, in test_cli_all_verdicts_with_attached_bytes
    self.assertEqual(completed.returncode, code, completed.stderr)
AssertionError: 0 != 2 : 

======================================================================
FAIL: test_cli_all_verdicts_with_attached_bytes (test_quality_speed_contract.EvidenceTests.test_cli_all_verdicts_with_attached_bytes) (expected='INCOMPLETE')
----------------------------------------------------------------------
Traceback (most recent call last):
  File "/workspace/ocean-solver/tests/test_quality_speed_contract.py", line 308, in test_cli_all_verdicts_with_attached_bytes
    self.assertEqual(completed.returncode, code, completed.stderr)
AssertionError: 0 != 2 : 

======================================================================
FAIL: test_declared_incomparability_blocks_both_runs (test_quality_speed_contract.GateTests.test_declared_incomparability_blocks_both_runs) (label='control')
----------------------------------------------------------------------
Traceback (most recent call last):
  File "/workspace/ocean-solver/tests/test_quality_speed_contract.py", line 83, in test_declared_incomparability_blocks_both_runs
    self.assertEqual(result['status'], 'NOT_COMPARABLE')
AssertionError: 'PASS' != 'NOT_COMPARABLE'
- PASS
+ NOT_COMPARABLE


======================================================================
FAIL: test_declared_incomparability_blocks_both_runs (test_quality_speed_contract.GateTests.test_declared_incomparability_blocks_both_runs) (label='candidate')
----------------------------------------------------------------------
Traceback (most recent call last):
  File "/workspace/ocean-solver/tests/test_quality_speed_contract.py", line 83, in test_declared_incomparability_blocks_both_runs
    self.assertEqual(result['status'], 'NOT_COMPARABLE')
AssertionError: 'PASS' != 'NOT_COMPARABLE'
- PASS
+ NOT_COMPARABLE


======================================================================
FAIL: test_each_required_run_field_missing (test_quality_speed_contract.GateTests.test_each_required_run_field_missing) (key='not_comparable')
----------------------------------------------------------------------
Traceback (most recent call last):
  File "/workspace/ocean-solver/tests/test_quality_speed_contract.py", line 75, in test_each_required_run_field_missing
    self.assertEqual(evaluate(self.a, bad, self.p, digest(self.p))['status'], 'INCOMPLETE')
AssertionError: 'PASS' != 'INCOMPLETE'
- PASS
+ INCOMPLETE


======================================================================
FAIL: test_frozen_hardware_boolean_cannot_equal_integer (test_quality_speed_contract.GateTests.test_frozen_hardware_boolean_cannot_equal_integer)
----------------------------------------------------------------------
Traceback (most recent call last):
  File "/workspace/ocean-solver/tests/test_quality_speed_contract.py", line 128, in test_frozen_hardware_boolean_cannot_equal_integer
    self.assertEqual(result['status'], 'NOT_COMPARABLE')
AssertionError: 'PASS' != 'NOT_COMPARABLE'
- PASS
+ NOT_COMPARABLE


======================================================================
FAIL: test_missing_fields_on_both_runs_hide_speed (test_quality_speed_contract.GateTests.test_missing_fields_on_both_runs_hide_speed) (label='control', key='not_comparable')
----------------------------------------------------------------------
Traceback (most recent call last):
  File "/workspace/ocean-solver/tests/test_quality_speed_contract.py", line 113, in test_missing_fields_on_both_runs_hide_speed
    self.assertEqual(result['status'], 'INCOMPLETE')
AssertionError: 'PASS' != 'INCOMPLETE'
- PASS
+ INCOMPLETE


======================================================================
FAIL: test_missing_fields_on_both_runs_hide_speed (test_quality_speed_contract.GateTests.test_missing_fields_on_both_runs_hide_speed) (label='candidate', key='not_comparable')
----------------------------------------------------------------------
Traceback (most recent call last):
  File "/workspace/ocean-solver/tests/test_quality_speed_contract.py", line 113, in test_missing_fields_on_both_runs_hide_speed
    self.assertEqual(result['status'], 'INCOMPLETE')
AssertionError: 'PASS' != 'INCOMPLETE'
- PASS
+ INCOMPLETE


======================================================================
FAIL: test_schema_boolean_is_not_version_one (test_quality_speed_contract.GateTests.test_schema_boolean_is_not_version_one) (label='control', value=True)
----------------------------------------------------------------------
Traceback (most recent call last):
  File "/workspace/ocean-solver/tests/test_quality_speed_contract.py", line 123, in test_schema_boolean_is_not_version_one
    self.assertEqual(evaluate(a, b, p, digest(p))['status'], 'INCOMPLETE')
AssertionError: 'PASS' != 'INCOMPLETE'
- PASS
+ INCOMPLETE


======================================================================
FAIL: test_schema_boolean_is_not_version_one (test_quality_speed_contract.GateTests.test_schema_boolean_is_not_version_one) (label='control', value=1.0)
----------------------------------------------------------------------
Traceback (most recent call last):
  File "/workspace/ocean-solver/tests/test_quality_speed_contract.py", line 123, in test_schema_boolean_is_not_version_one
    self.assertEqual(evaluate(a, b, p, digest(p))['status'], 'INCOMPLETE')
AssertionError: 'PASS' != 'INCOMPLETE'
- PASS
+ INCOMPLETE


======================================================================
FAIL: test_schema_boolean_is_not_version_one (test_quality_speed_contract.GateTests.test_schema_boolean_is_not_version_one) (label='candidate', value=True)
----------------------------------------------------------------------
Traceback (most recent call last):
  File "/workspace/ocean-solver/tests/test_quality_speed_contract.py", line 123, in test_schema_boolean_is_not_version_one
    self.assertEqual(evaluate(a, b, p, digest(p))['status'], 'INCOMPLETE')
AssertionError: 'PASS' != 'INCOMPLETE'
- PASS
+ INCOMPLETE


======================================================================
FAIL: test_schema_boolean_is_not_version_one (test_quality_speed_contract.GateTests.test_schema_boolean_is_not_version_one) (label='candidate', value=1.0)
----------------------------------------------------------------------
Traceback (most recent call last):
  File "/workspace/ocean-solver/tests/test_quality_speed_contract.py", line 123, in test_schema_boolean_is_not_version_one
    self.assertEqual(evaluate(a, b, p, digest(p))['status'], 'INCOMPLETE')
AssertionError: 'PASS' != 'INCOMPLETE'
- PASS
+ INCOMPLETE


======================================================================
FAIL: test_schema_boolean_is_not_version_one (test_quality_speed_contract.GateTests.test_schema_boolean_is_not_version_one) (label='policy', value=True)
----------------------------------------------------------------------
Traceback (most recent call last):
  File "/workspace/ocean-solver/tests/test_quality_speed_contract.py", line 123, in test_schema_boolean_is_not_version_one
    self.assertEqual(evaluate(a, b, p, digest(p))['status'], 'INCOMPLETE')
AssertionError: 'PASS' != 'INCOMPLETE'
- PASS
+ INCOMPLETE


======================================================================
FAIL: test_schema_boolean_is_not_version_one (test_quality_speed_contract.GateTests.test_schema_boolean_is_not_version_one) (label='policy', value=1.0)
----------------------------------------------------------------------
Traceback (most recent call last):
  File "/workspace/ocean-solver/tests/test_quality_speed_contract.py", line 123, in test_schema_boolean_is_not_version_one
    self.assertEqual(evaluate(a, b, p, digest(p))['status'], 'INCOMPLETE')
AssertionError: 'PASS' != 'INCOMPLETE'
- PASS
+ INCOMPLETE


======================================================================
FAIL: test_status_and_boolean_fields_fail_closed (test_quality_speed_contract.GateTests.test_status_and_boolean_fields_fail_closed) (label='control', key='not_comparable', value=0)
----------------------------------------------------------------------
Traceback (most recent call last):
  File "/workspace/ocean-solver/tests/test_quality_speed_contract.py", line 101, in test_status_and_boolean_fields_fail_closed
    self.assertEqual(result['status'], 'INCOMPLETE')
AssertionError: 'PASS' != 'INCOMPLETE'
- PASS
+ INCOMPLETE


======================================================================
FAIL: test_status_and_boolean_fields_fail_closed (test_quality_speed_contract.GateTests.test_status_and_boolean_fields_fail_closed) (label='control', key='not_comparable', value=1)
----------------------------------------------------------------------
Traceback (most recent call last):
  File "/workspace/ocean-solver/tests/test_quality_speed_contract.py", line 101, in test_status_and_boolean_fields_fail_closed
    self.assertEqual(result['status'], 'INCOMPLETE')
AssertionError: 'PASS' != 'INCOMPLETE'
- PASS
+ INCOMPLETE


======================================================================
FAIL: test_status_and_boolean_fields_fail_closed (test_quality_speed_contract.GateTests.test_status_and_boolean_fields_fail_closed) (label='control', key='not_comparable', value='false')
----------------------------------------------------------------------
Traceback (most recent call last):
  File "/workspace/ocean-solver/tests/test_quality_speed_contract.py", line 101, in test_status_and_boolean_fields_fail_closed
    self.assertEqual(result['status'], 'INCOMPLETE')
AssertionError: 'PASS' != 'INCOMPLETE'
- PASS
+ INCOMPLETE


======================================================================
FAIL: test_status_and_boolean_fields_fail_closed (test_quality_speed_contract.GateTests.test_status_and_boolean_fields_fail_closed) (label='control', key='not_comparable', value='true')
----------------------------------------------------------------------
Traceback (most recent call last):
  File "/workspace/ocean-solver/tests/test_quality_speed_contract.py", line 101, in test_status_and_boolean_fields_fail_closed
    self.assertEqual(result['status'], 'INCOMPLETE')
AssertionError: 'PASS' != 'INCOMPLETE'
- PASS
+ INCOMPLETE


======================================================================
FAIL: test_status_and_boolean_fields_fail_closed (test_quality_speed_contract.GateTests.test_status_and_boolean_fields_fail_closed) (label='control', key='not_comparable', value=None)
----------------------------------------------------------------------
Traceback (most recent call last):
  File "/workspace/ocean-solver/tests/test_quality_speed_contract.py", line 101, in test_status_and_boolean_fields_fail_closed
    self.assertEqual(result['status'], 'INCOMPLETE')
AssertionError: 'PASS' != 'INCOMPLETE'
- PASS
+ INCOMPLETE


======================================================================
FAIL: test_status_and_boolean_fields_fail_closed (test_quality_speed_contract.GateTests.test_status_and_boolean_fields_fail_closed) (label='control', key='not_comparable', value=[])
----------------------------------------------------------------------
Traceback (most recent call last):
  File "/workspace/ocean-solver/tests/test_quality_speed_contract.py", line 101, in test_status_and_boolean_fields_fail_closed
    self.assertEqual(result['status'], 'INCOMPLETE')
AssertionError: 'PASS' != 'INCOMPLETE'
- PASS
+ INCOMPLETE


======================================================================
FAIL: test_status_and_boolean_fields_fail_closed (test_quality_speed_contract.GateTests.test_status_and_boolean_fields_fail_closed) (label='control', key='not_comparable', value={})
----------------------------------------------------------------------
Traceback (most recent call last):
  File "/workspace/ocean-solver/tests/test_quality_speed_contract.py", line 101, in test_status_and_boolean_fields_fail_closed
    self.assertEqual(result['status'], 'INCOMPLETE')
AssertionError: 'PASS' != 'INCOMPLETE'
- PASS
+ INCOMPLETE


======================================================================
FAIL: test_status_and_boolean_fields_fail_closed (test_quality_speed_contract.GateTests.test_status_and_boolean_fields_fail_closed) (label='control', key='status', value='NOT_COMPARABLE')
----------------------------------------------------------------------
Traceback (most recent call last):
  File "/workspace/ocean-solver/tests/test_quality_speed_contract.py", line 101, in test_status_and_boolean_fields_fail_closed
    self.assertEqual(result['status'], 'INCOMPLETE')
AssertionError: 'PASS' != 'INCOMPLETE'
- PASS
+ INCOMPLETE


======================================================================
FAIL: test_status_and_boolean_fields_fail_closed (test_quality_speed_contract.GateTests.test_status_and_boolean_fields_fail_closed) (label='control', key='status', value=True)
----------------------------------------------------------------------
Traceback (most recent call last):
  File "/workspace/ocean-solver/tests/test_quality_speed_contract.py", line 101, in test_status_and_boolean_fields_fail_closed
    self.assertEqual(result['status'], 'INCOMPLETE')
AssertionError: 'PASS' != 'INCOMPLETE'
- PASS
+ INCOMPLETE


======================================================================
FAIL: test_status_and_boolean_fields_fail_closed (test_quality_speed_contract.GateTests.test_status_and_boolean_fields_fail_closed) (label='control', key='status', value=False)
----------------------------------------------------------------------
Traceback (most recent call last):
  File "/workspace/ocean-solver/tests/test_quality_speed_contract.py", line 101, in test_status_and_boolean_fields_fail_closed
    self.assertEqual(result['status'], 'INCOMPLETE')
AssertionError: 'PASS' != 'INCOMPLETE'
- PASS
+ INCOMPLETE


======================================================================
FAIL: test_status_and_boolean_fields_fail_closed (test_quality_speed_contract.GateTests.test_status_and_boolean_fields_fail_closed) (label='control', key='status', value=None)
----------------------------------------------------------------------
Traceback (most recent call last):
  File "/workspace/ocean-solver/tests/test_quality_speed_contract.py", line 101, in test_status_and_boolean_fields_fail_closed
    self.assertEqual(result['status'], 'INCOMPLETE')
AssertionError: 'PASS' != 'INCOMPLETE'
- PASS
+ INCOMPLETE


======================================================================
FAIL: test_status_and_boolean_fields_fail_closed (test_quality_speed_contract.GateTests.test_status_and_boolean_fields_fail_closed) (label='control', key='pass', value='NOT_COMPARABLE')
----------------------------------------------------------------------
Traceback (most recent call last):
  File "/workspace/ocean-solver/tests/test_quality_speed_contract.py", line 101, in test_status_and_boolean_fields_fail_closed
    self.assertEqual(result['status'], 'INCOMPLETE')
AssertionError: 'PASS' != 'INCOMPLETE'
- PASS
+ INCOMPLETE


======================================================================
FAIL: test_status_and_boolean_fields_fail_closed (test_quality_speed_contract.GateTests.test_status_and_boolean_fields_fail_closed) (label='control', key='pass', value=True)
----------------------------------------------------------------------
Traceback (most recent call last):
  File "/workspace/ocean-solver/tests/test_quality_speed_contract.py", line 101, in test_status_and_boolean_fields_fail_closed
    self.assertEqual(result['status'], 'INCOMPLETE')
AssertionError: 'PASS' != 'INCOMPLETE'
- PASS
+ INCOMPLETE


======================================================================
FAIL: test_status_and_boolean_fields_fail_closed (test_quality_speed_contract.GateTests.test_status_and_boolean_fields_fail_closed) (label='control', key='pass', value=False)
----------------------------------------------------------------------
Traceback (most recent call last):
  File "/workspace/ocean-solver/tests/test_quality_speed_contract.py", line 101, in test_status_and_boolean_fields_fail_closed
    self.assertEqual(result['status'], 'INCOMPLETE')
AssertionError: 'PASS' != 'INCOMPLETE'
- PASS
+ INCOMPLETE


======================================================================
FAIL: test_status_and_boolean_fields_fail_closed (test_quality_speed_contract.GateTests.test_status_and_boolean_fields_fail_closed) (label='control', key='pass', value=None)
----------------------------------------------------------------------
Traceback (most recent call last):
  File "/workspace/ocean-solver/tests/test_quality_speed_contract.py", line 101, in test_status_and_boolean_fields_fail_closed
    self.assertEqual(result['status'], 'INCOMPLETE')
AssertionError: 'PASS' != 'INCOMPLETE'
- PASS
+ INCOMPLETE


======================================================================
FAIL: test_status_and_boolean_fields_fail_closed (test_quality_speed_contract.GateTests.test_status_and_boolean_fields_fail_closed) (label='control', key='comparable', value='NOT_COMPARABLE')
----------------------------------------------------------------------
Traceback (most recent call last):
  File "/workspace/ocean-solver/tests/test_quality_speed_contract.py", line 101, in test_status_and_boolean_fields_fail_closed
    self.assertEqual(result['status'], 'INCOMPLETE')
AssertionError: 'PASS' != 'INCOMPLETE'
- PASS
+ INCOMPLETE


======================================================================
FAIL: test_status_and_boolean_fields_fail_closed (test_quality_speed_contract.GateTests.test_status_and_boolean_fields_fail_closed) (label='control', key='comparable', value=True)
----------------------------------------------------------------------
Traceback (most recent call last):
  File "/workspace/ocean-solver/tests/test_quality_speed_contract.py", line 101, in test_status_and_boolean_fields_fail_closed
    self.assertEqual(result['status'], 'INCOMPLETE')
AssertionError: 'PASS' != 'INCOMPLETE'
- PASS
+ INCOMPLETE


======================================================================
FAIL: test_status_and_boolean_fields_fail_closed (test_quality_speed_contract.GateTests.test_status_and_boolean_fields_fail_closed) (label='control', key='comparable', value=False)
----------------------------------------------------------------------
Traceback (most recent call last):
  File "/workspace/ocean-solver/tests/test_quality_speed_contract.py", line 101, in test_status_and_boolean_fields_fail_closed
    self.assertEqual(result['status'], 'INCOMPLETE')
AssertionError: 'PASS' != 'INCOMPLETE'
- PASS
+ INCOMPLETE


======================================================================
FAIL: test_status_and_boolean_fields_fail_closed (test_quality_speed_contract.GateTests.test_status_and_boolean_fields_fail_closed) (label='control', key='comparable', value=None)
----------------------------------------------------------------------
Traceback (most recent call last):
  File "/workspace/ocean-solver/tests/test_quality_speed_contract.py", line 101, in test_status_and_boolean_fields_fail_closed
    self.assertEqual(result['status'], 'INCOMPLETE')
AssertionError: 'PASS' != 'INCOMPLETE'
- PASS
+ INCOMPLETE


======================================================================
FAIL: test_status_and_boolean_fields_fail_closed (test_quality_speed_contract.GateTests.test_status_and_boolean_fields_fail_closed) (label='control', key='failed', value='NOT_COMPARABLE')
----------------------------------------------------------------------
Traceback (most recent call last):
  File "/workspace/ocean-solver/tests/test_quality_speed_contract.py", line 101, in test_status_and_boolean_fields_fail_closed
    self.assertEqual(result['status'], 'INCOMPLETE')
AssertionError: 'PASS' != 'INCOMPLETE'
- PASS
+ INCOMPLETE


======================================================================
FAIL: test_status_and_boolean_fields_fail_closed (test_quality_speed_contract.GateTests.test_status_and_boolean_fields_fail_closed) (label='control', key='failed', value=True)
----------------------------------------------------------------------
Traceback (most recent call last):
  File "/workspace/ocean-solver/tests/test_quality_speed_contract.py", line 101, in test_status_and_boolean_fields_fail_closed
    self.assertEqual(result['status'], 'INCOMPLETE')
AssertionError: 'PASS' != 'INCOMPLETE'
- PASS
+ INCOMPLETE


======================================================================
FAIL: test_status_and_boolean_fields_fail_closed (test_quality_speed_contract.GateTests.test_status_and_boolean_fields_fail_closed) (label='control', key='failed', value=False)
----------------------------------------------------------------------
Traceback (most recent call last):
  File "/workspace/ocean-solver/tests/test_quality_speed_contract.py", line 101, in test_status_and_boolean_fields_fail_closed
    self.assertEqual(result['status'], 'INCOMPLETE')
AssertionError: 'PASS' != 'INCOMPLETE'
- PASS
+ INCOMPLETE


======================================================================
FAIL: test_status_and_boolean_fields_fail_closed (test_quality_speed_contract.GateTests.test_status_and_boolean_fields_fail_closed) (label='control', key='failed', value=None)
----------------------------------------------------------------------
Traceback (most recent call last):
  File "/workspace/ocean-solver/tests/test_quality_speed_contract.py", line 101, in test_status_and_boolean_fields_fail_closed
    self.assertEqual(result['status'], 'INCOMPLETE')
AssertionError: 'PASS' != 'INCOMPLETE'
- PASS
+ INCOMPLETE


======================================================================
FAIL: test_status_and_boolean_fields_fail_closed (test_quality_speed_contract.GateTests.test_status_and_boolean_fields_fail_closed) (label='control', key='not_comparabl', value='NOT_COMPARABLE')
----------------------------------------------------------------------
Traceback (most recent call last):
  File "/workspace/ocean-solver/tests/test_quality_speed_contract.py", line 101, in test_status_and_boolean_fields_fail_closed
    self.assertEqual(result['status'], 'INCOMPLETE')
AssertionError: 'PASS' != 'INCOMPLETE'
- PASS
+ INCOMPLETE


======================================================================
FAIL: test_status_and_boolean_fields_fail_closed (test_quality_speed_contract.GateTests.test_status_and_boolean_fields_fail_closed) (label='control', key='not_comparabl', value=True)
----------------------------------------------------------------------
Traceback (most recent call last):
  File "/workspace/ocean-solver/tests/test_quality_speed_contract.py", line 101, in test_status_and_boolean_fields_fail_closed
    self.assertEqual(result['status'], 'INCOMPLETE')
AssertionError: 'PASS' != 'INCOMPLETE'
- PASS
+ INCOMPLETE


======================================================================
FAIL: test_status_and_boolean_fields_fail_closed (test_quality_speed_contract.GateTests.test_status_and_boolean_fields_fail_closed) (label='control', key='not_comparabl', value=False)
----------------------------------------------------------------------
Traceback (most recent call last):
  File "/workspace/ocean-solver/tests/test_quality_speed_contract.py", line 101, in test_status_and_boolean_fields_fail_closed
    self.assertEqual(result['status'], 'INCOMPLETE')
AssertionError: 'PASS' != 'INCOMPLETE'
- PASS
+ INCOMPLETE


======================================================================
FAIL: test_status_and_boolean_fields_fail_closed (test_quality_speed_contract.GateTests.test_status_and_boolean_fields_fail_closed) (label='control', key='not_comparabl', value=None)
----------------------------------------------------------------------
Traceback (most recent call last):
  File "/workspace/ocean-solver/tests/test_quality_speed_contract.py", line 101, in test_status_and_boolean_fields_fail_closed
    self.assertEqual(result['status'], 'INCOMPLETE')
AssertionError: 'PASS' != 'INCOMPLETE'
- PASS
+ INCOMPLETE


======================================================================
FAIL: test_status_and_boolean_fields_fail_closed (test_quality_speed_contract.GateTests.test_status_and_boolean_fields_fail_closed) (label='candidate', key='not_comparable', value=0)
----------------------------------------------------------------------
Traceback (most recent call last):
  File "/workspace/ocean-solver/tests/test_quality_speed_contract.py", line 101, in test_status_and_boolean_fields_fail_closed
    self.assertEqual(result['status'], 'INCOMPLETE')
AssertionError: 'PASS' != 'INCOMPLETE'
- PASS
+ INCOMPLETE


======================================================================
FAIL: test_status_and_boolean_fields_fail_closed (test_quality_speed_contract.GateTests.test_status_and_boolean_fields_fail_closed) (label='candidate', key='not_comparable', value=1)
----------------------------------------------------------------------
Traceback (most recent call last):
  File "/workspace/ocean-solver/tests/test_quality_speed_contract.py", line 101, in test_status_and_boolean_fields_fail_closed
    self.assertEqual(result['status'], 'INCOMPLETE')
AssertionError: 'PASS' != 'INCOMPLETE'
- PASS
+ INCOMPLETE


======================================================================
FAIL: test_status_and_boolean_fields_fail_closed (test_quality_speed_contract.GateTests.test_status_and_boolean_fields_fail_closed) (label='candidate', key='not_comparable', value='false')
----------------------------------------------------------------------
Traceback (most recent call last):
  File "/workspace/ocean-solver/tests/test_quality_speed_contract.py", line 101, in test_status_and_boolean_fields_fail_closed
    self.assertEqual(result['status'], 'INCOMPLETE')
AssertionError: 'PASS' != 'INCOMPLETE'
- PASS
+ INCOMPLETE


======================================================================
FAIL: test_status_and_boolean_fields_fail_closed (test_quality_speed_contract.GateTests.test_status_and_boolean_fields_fail_closed) (label='candidate', key='not_comparable', value='true')
----------------------------------------------------------------------
Traceback (most recent call last):
  File "/workspace/ocean-solver/tests/test_quality_speed_contract.py", line 101, in test_status_and_boolean_fields_fail_closed
    self.assertEqual(result['status'], 'INCOMPLETE')
AssertionError: 'PASS' != 'INCOMPLETE'
- PASS
+ INCOMPLETE


======================================================================
FAIL: test_status_and_boolean_fields_fail_closed (test_quality_speed_contract.GateTests.test_status_and_boolean_fields_fail_closed) (label='candidate', key='not_comparable', value=None)
----------------------------------------------------------------------
Traceback (most recent call last):
  File "/workspace/ocean-solver/tests/test_quality_speed_contract.py", line 101, in test_status_and_boolean_fields_fail_closed
    self.assertEqual(result['status'], 'INCOMPLETE')
AssertionError: 'PASS' != 'INCOMPLETE'
- PASS
+ INCOMPLETE


======================================================================
FAIL: test_status_and_boolean_fields_fail_closed (test_quality_speed_contract.GateTests.test_status_and_boolean_fields_fail_closed) (label='candidate', key='not_comparable', value=[])
----------------------------------------------------------------------
Traceback (most recent call last):
  File "/workspace/ocean-solver/tests/test_quality_speed_contract.py", line 101, in test_status_and_boolean_fields_fail_closed
    self.assertEqual(result['status'], 'INCOMPLETE')
AssertionError: 'PASS' != 'INCOMPLETE'
- PASS
+ INCOMPLETE


======================================================================
FAIL: test_status_and_boolean_fields_fail_closed (test_quality_speed_contract.GateTests.test_status_and_boolean_fields_fail_closed) (label='candidate', key='not_comparable', value={})
----------------------------------------------------------------------
Traceback (most recent call last):
  File "/workspace/ocean-solver/tests/test_quality_speed_contract.py", line 101, in test_status_and_boolean_fields_fail_closed
    self.assertEqual(result['status'], 'INCOMPLETE')
AssertionError: 'PASS' != 'INCOMPLETE'
- PASS
+ INCOMPLETE


======================================================================
FAIL: test_status_and_boolean_fields_fail_closed (test_quality_speed_contract.GateTests.test_status_and_boolean_fields_fail_closed) (label='candidate', key='status', value='NOT_COMPARABLE')
----------------------------------------------------------------------
Traceback (most recent call last):
  File "/workspace/ocean-solver/tests/test_quality_speed_contract.py", line 101, in test_status_and_boolean_fields_fail_closed
    self.assertEqual(result['status'], 'INCOMPLETE')
AssertionError: 'PASS' != 'INCOMPLETE'
- PASS
+ INCOMPLETE


======================================================================
FAIL: test_status_and_boolean_fields_fail_closed (test_quality_speed_contract.GateTests.test_status_and_boolean_fields_fail_closed) (label='candidate', key='status', value=True)
----------------------------------------------------------------------
Traceback (most recent call last):
  File "/workspace/ocean-solver/tests/test_quality_speed_contract.py", line 101, in test_status_and_boolean_fields_fail_closed
    self.assertEqual(result['status'], 'INCOMPLETE')
AssertionError: 'PASS' != 'INCOMPLETE'
- PASS
+ INCOMPLETE


======================================================================
FAIL: test_status_and_boolean_fields_fail_closed (test_quality_speed_contract.GateTests.test_status_and_boolean_fields_fail_closed) (label='candidate', key='status', value=False)
----------------------------------------------------------------------
Traceback (most recent call last):
  File "/workspace/ocean-solver/tests/test_quality_speed_contract.py", line 101, in test_status_and_boolean_fields_fail_closed
    self.assertEqual(result['status'], 'INCOMPLETE')
AssertionError: 'PASS' != 'INCOMPLETE'
- PASS
+ INCOMPLETE


======================================================================
FAIL: test_status_and_boolean_fields_fail_closed (test_quality_speed_contract.GateTests.test_status_and_boolean_fields_fail_closed) (label='candidate', key='status', value=None)
----------------------------------------------------------------------
Traceback (most recent call last):
  File "/workspace/ocean-solver/tests/test_quality_speed_contract.py", line 101, in test_status_and_boolean_fields_fail_closed
    self.assertEqual(result['status'], 'INCOMPLETE')
AssertionError: 'PASS' != 'INCOMPLETE'
- PASS
+ INCOMPLETE


======================================================================
FAIL: test_status_and_boolean_fields_fail_closed (test_quality_speed_contract.GateTests.test_status_and_boolean_fields_fail_closed) (label='candidate', key='pass', value='NOT_COMPARABLE')
----------------------------------------------------------------------
Traceback (most recent call last):
  File "/workspace/ocean-solver/tests/test_quality_speed_contract.py", line 101, in test_status_and_boolean_fields_fail_closed
    self.assertEqual(result['status'], 'INCOMPLETE')
AssertionError: 'PASS' != 'INCOMPLETE'
- PASS
+ INCOMPLETE


======================================================================
FAIL: test_status_and_boolean_fields_fail_closed (test_quality_speed_contract.GateTests.test_status_and_boolean_fields_fail_closed) (label='candidate', key='pass', value=True)
----------------------------------------------------------------------
Traceback (most recent call last):
  File "/workspace/ocean-solver/tests/test_quality_speed_contract.py", line 101, in test_status_and_boolean_fields_fail_closed
    self.assertEqual(result['status'], 'INCOMPLETE')
AssertionError: 'PASS' != 'INCOMPLETE'
- PASS
+ INCOMPLETE


======================================================================
FAIL: test_status_and_boolean_fields_fail_closed (test_quality_speed_contract.GateTests.test_status_and_boolean_fields_fail_closed) (label='candidate', key='pass', value=False)
----------------------------------------------------------------------
Traceback (most recent call last):
  File "/workspace/ocean-solver/tests/test_quality_speed_contract.py", line 101, in test_status_and_boolean_fields_fail_closed
    self.assertEqual(result['status'], 'INCOMPLETE')
AssertionError: 'PASS' != 'INCOMPLETE'
- PASS
+ INCOMPLETE


======================================================================
FAIL: test_status_and_boolean_fields_fail_closed (test_quality_speed_contract.GateTests.test_status_and_boolean_fields_fail_closed) (label='candidate', key='pass', value=None)
----------------------------------------------------------------------
Traceback (most recent call last):
  File "/workspace/ocean-solver/tests/test_quality_speed_contract.py", line 101, in test_status_and_boolean_fields_fail_closed
    self.assertEqual(result['status'], 'INCOMPLETE')
AssertionError: 'PASS' != 'INCOMPLETE'
- PASS
+ INCOMPLETE


======================================================================
FAIL: test_status_and_boolean_fields_fail_closed (test_quality_speed_contract.GateTests.test_status_and_boolean_fields_fail_closed) (label='candidate', key='comparable', value='NOT_COMPARABLE')
----------------------------------------------------------------------
Traceback (most recent call last):
  File "/workspace/ocean-solver/tests/test_quality_speed_contract.py", line 101, in test_status_and_boolean_fields_fail_closed
    self.assertEqual(result['status'], 'INCOMPLETE')
AssertionError: 'PASS' != 'INCOMPLETE'
- PASS
+ INCOMPLETE


======================================================================
FAIL: test_status_and_boolean_fields_fail_closed (test_quality_speed_contract.GateTests.test_status_and_boolean_fields_fail_closed) (label='candidate', key='comparable', value=True)
----------------------------------------------------------------------
Traceback (most recent call last):
  File "/workspace/ocean-solver/tests/test_quality_speed_contract.py", line 101, in test_status_and_boolean_fields_fail_closed
    self.assertEqual(result['status'], 'INCOMPLETE')
AssertionError: 'PASS' != 'INCOMPLETE'
- PASS
+ INCOMPLETE


======================================================================
FAIL: test_status_and_boolean_fields_fail_closed (test_quality_speed_contract.GateTests.test_status_and_boolean_fields_fail_closed) (label='candidate', key='comparable', value=False)
----------------------------------------------------------------------
Traceback (most recent call last):
  File "/workspace/ocean-solver/tests/test_quality_speed_contract.py", line 101, in test_status_and_boolean_fields_fail_closed
    self.assertEqual(result['status'], 'INCOMPLETE')
AssertionError: 'PASS' != 'INCOMPLETE'
- PASS
+ INCOMPLETE


======================================================================
FAIL: test_status_and_boolean_fields_fail_closed (test_quality_speed_contract.GateTests.test_status_and_boolean_fields_fail_closed) (label='candidate', key='comparable', value=None)
----------------------------------------------------------------------
Traceback (most recent call last):
  File "/workspace/ocean-solver/tests/test_quality_speed_contract.py", line 101, in test_status_and_boolean_fields_fail_closed
    self.assertEqual(result['status'], 'INCOMPLETE')
AssertionError: 'PASS' != 'INCOMPLETE'
- PASS
+ INCOMPLETE


======================================================================
FAIL: test_status_and_boolean_fields_fail_closed (test_quality_speed_contract.GateTests.test_status_and_boolean_fields_fail_closed) (label='candidate', key='failed', value='NOT_COMPARABLE')
----------------------------------------------------------------------
Traceback (most recent call last):
  File "/workspace/ocean-solver/tests/test_quality_speed_contract.py", line 101, in test_status_and_boolean_fields_fail_closed
    self.assertEqual(result['status'], 'INCOMPLETE')
AssertionError: 'PASS' != 'INCOMPLETE'
- PASS
+ INCOMPLETE


======================================================================
FAIL: test_status_and_boolean_fields_fail_closed (test_quality_speed_contract.GateTests.test_status_and_boolean_fields_fail_closed) (label='candidate', key='failed', value=True)
----------------------------------------------------------------------
Traceback (most recent call last):
  File "/workspace/ocean-solver/tests/test_quality_speed_contract.py", line 101, in test_status_and_boolean_fields_fail_closed
    self.assertEqual(result['status'], 'INCOMPLETE')
AssertionError: 'PASS' != 'INCOMPLETE'
- PASS
+ INCOMPLETE


======================================================================
FAIL: test_status_and_boolean_fields_fail_closed (test_quality_speed_contract.GateTests.test_status_and_boolean_fields_fail_closed) (label='candidate', key='failed', value=False)
----------------------------------------------------------------------
Traceback (most recent call last):
  File "/workspace/ocean-solver/tests/test_quality_speed_contract.py", line 101, in test_status_and_boolean_fields_fail_closed
    self.assertEqual(result['status'], 'INCOMPLETE')
AssertionError: 'PASS' != 'INCOMPLETE'
- PASS
+ INCOMPLETE


======================================================================
FAIL: test_status_and_boolean_fields_fail_closed (test_quality_speed_contract.GateTests.test_status_and_boolean_fields_fail_closed) (label='candidate', key='failed', value=None)
----------------------------------------------------------------------
Traceback (most recent call last):
  File "/workspace/ocean-solver/tests/test_quality_speed_contract.py", line 101, in test_status_and_boolean_fields_fail_closed
    self.assertEqual(result['status'], 'INCOMPLETE')
AssertionError: 'PASS' != 'INCOMPLETE'
- PASS
+ INCOMPLETE


======================================================================
FAIL: test_status_and_boolean_fields_fail_closed (test_quality_speed_contract.GateTests.test_status_and_boolean_fields_fail_closed) (label='candidate', key='not_comparabl', value='NOT_COMPARABLE')
----------------------------------------------------------------------
Traceback (most recent call last):
  File "/workspace/ocean-solver/tests/test_quality_speed_contract.py", line 101, in test_status_and_boolean_fields_fail_closed
    self.assertEqual(result['status'], 'INCOMPLETE')
AssertionError: 'PASS' != 'INCOMPLETE'
- PASS
+ INCOMPLETE


======================================================================
FAIL: test_status_and_boolean_fields_fail_closed (test_quality_speed_contract.GateTests.test_status_and_boolean_fields_fail_closed) (label='candidate', key='not_comparabl', value=True)
----------------------------------------------------------------------
Traceback (most recent call last):
  File "/workspace/ocean-solver/tests/test_quality_speed_contract.py", line 101, in test_status_and_boolean_fields_fail_closed
    self.assertEqual(result['status'], 'INCOMPLETE')
AssertionError: 'PASS' != 'INCOMPLETE'
- PASS
+ INCOMPLETE


======================================================================
FAIL: test_status_and_boolean_fields_fail_closed (test_quality_speed_contract.GateTests.test_status_and_boolean_fields_fail_closed) (label='candidate', key='not_comparabl', value=False)
----------------------------------------------------------------------
Traceback (most recent call last):
  File "/workspace/ocean-solver/tests/test_quality_speed_contract.py", line 101, in test_status_and_boolean_fields_fail_closed
    self.assertEqual(result['status'], 'INCOMPLETE')
AssertionError: 'PASS' != 'INCOMPLETE'
- PASS
+ INCOMPLETE


======================================================================
FAIL: test_status_and_boolean_fields_fail_closed (test_quality_speed_contract.GateTests.test_status_and_boolean_fields_fail_closed) (label='candidate', key='not_comparabl', value=None)
----------------------------------------------------------------------
Traceback (most recent call last):
  File "/workspace/ocean-solver/tests/test_quality_speed_contract.py", line 101, in test_status_and_boolean_fields_fail_closed
    self.assertEqual(result['status'], 'INCOMPLETE')
AssertionError: 'PASS' != 'INCOMPLETE'
- PASS
+ INCOMPLETE


----------------------------------------------------------------------
Ran 32 tests in 1.817s

FAILED (failures=70)
