# 2026-09-30 14:58:17  /tmp/ocean-a-venv/bin/python
# ocean-solver --days 0.000925925925925926 --dt 10 --dt-bt 5 --mode-split --seasonal-wind --snap-days 0.0002314814814814815 --checkpoint-days 0.0002314814814814815 --tag controlled --out-dir results/production_delivery/s2_cloud_a/cross_process/resumed --log-dir results/production_delivery/s2_cloud_a/cross_process/resumed --nu-h 0 --nu-bi 0 --kappa-v 0 --kappa-conv 0 --polar-cap-rows 0 --polar-cap-taper 0 --no-meridional-heat-flux --no-bulk-flux --restart-from results/production_delivery/s2_cloud_a/cross_process/resumed/ckpt_controlled.npz --budget-audit --wind-jit --use-scan
Building global FD grid (lat_max=60.0, resolution=1.0°, ny=120, smooth=30, min_depth=100.0)...
  grid 8x8x4, ocean 100.0%, dx_eq=4989780m, lat[-30.0,30.0]
Loading WOA2023 climatology for initial T/S...
  T_init range=[17.00, 17.00] C
Loading 12 monthly NCEP wind snapshots (year 2023)...
Traceback (most recent call last):
  File "/workspace/ocean-solver/scripts/verify_production_restart_cpu.py", line 97, in <module>
    main()
  File "/workspace/ocean-solver/scripts/verify_production_restart_cpu.py", line 63, in main
    worker(args.output, args.worker)
  File "/workspace/ocean-solver/scripts/verify_production_restart_cpu.py", line 47, in worker
    grid, contract = run_controlled_driver(
                     ^^^^^^^^^^^^^^^^^^^^^^
  File "/workspace/ocean-solver/tests/_driver_helpers.py", line 69, in run_controlled_driver
    assert driver.main() == expected_code
           ^^^^^^^^^^^^^
  File "/workspace/ocean-solver/src/run_long_integration_global.py", line 1262, in main
    restored = load_restart(args.restart_from, checkpoint_contract)
               ^^^^^^^^^^^^^^^^^^^^^^^^^^^^^^^^^^^^^^^^^^^^^^^^^^^^
  File "/workspace/ocean-solver/src/restart_contract.py", line 187, in load_restart
    raise ValueError(f"restart contract mismatch: {', '.join(mismatches)}")
ValueError: restart contract mismatch: sources
